INFO:     Will watch for changes in these directories: ['/app']
INFO:     Uvicorn running on http://0.0.0.0:3000 (Press CTRL+C to quit)
INFO:     Started reloader process [197046] using StatReload
INFO:     Started server process [197387]
INFO:     Waiting for application startup.
INFO:     Application startup complete.
INFO:     127.0.0.1:57806 - "GET / HTTP/1.1" 200 OK
INFO:     127.0.0.1:57806 - "GET /style.css HTTP/1.1" 200 OK
INFO:     127.0.0.1:57812 - "GET /brain_vis.js HTTP/1.1" 200 OK
INFO:     127.0.0.1:57820 - "GET /chat_app.js HTTP/1.1" 200 OK
INFO:     127.0.0.1:57806 - "GET /api/brain-state HTTP/1.1" 200 OK
INFO:     127.0.0.1:57806 - "POST /api/chat HTTP/1.1" 200 OK
INFO:     127.0.0.1:57806 - "POST /api/chat HTTP/1.1" 200 OK
INFO:     127.0.0.1:57806 - "POST /api/autonomous-step HTTP/1.1" 200 OK
WARNING:  StatReload detected changes in 'tests/test_brain.py'. Reloading...
INFO:     Shutting down
INFO:     Waiting for application shutdown.
INFO:     Application shutdown complete.
INFO:     Finished server process [197387]
INFO:     Started server process [202823]
INFO:     Waiting for application startup.
INFO:     Application startup complete.
WARNING:  StatReload detected changes in 'main.py'. Reloading...
INFO:     Shutting down
INFO:     Waiting for application shutdown.
INFO:     Application shutdown complete.
INFO:     Finished server process [202823]
INFO:     Started server process [205508]
INFO:     Waiting for application startup.
INFO:     Application startup complete.
WARNING:  StatReload detected changes in 'main.py'. Reloading...
INFO:     Shutting down
INFO:     Waiting for application shutdown.
INFO:     Application shutdown complete.
INFO:     Finished server process [205508]
INFO:     Started server process [206179]
INFO:     Waiting for application startup.
INFO:     Application startup complete.
WARNING:  StatReload detected changes in 'main.py'. Reloading...
INFO:     Shutting down
INFO:     Waiting for application shutdown.
INFO:     Application shutdown complete.
INFO:     Finished server process [206179]
INFO:     Started server process [212707]
INFO:     Waiting for application startup.
INFO:     Application startup complete.
WARNING:  StatReload detected changes in 'main.py'. Reloading...
INFO:     Shutting down
INFO:     Waiting for application shutdown.
INFO:     Application shutdown complete.
INFO:     Finished server process [212707]
INFO:     Started server process [215858]
INFO:     Waiting for application startup.
INFO:     Application startup complete.
WARNING:  StatReload detected changes in 'main.py'. Reloading...
INFO:     Shutting down
INFO:     Waiting for application shutdown.
INFO:     Application shutdown complete.
INFO:     Finished server process [215858]
INFO:     Started server process [227699]
INFO:     Waiting for application startup.
INFO:     Application startup complete.
INFO:     Shutting down
INFO:     Waiting for application shutdown.
INFO:     Application shutdown complete.
INFO:     Finished server process [227699]
INFO:     Stopping reloader process [197046]
